// Jest Snapshot v1, https://goo.gl/fbAQLP

exports[`测试 generateConfig 1`] = `
Object {
  "domain": "localhost",
  "port": "8080",
  "server": "http://localhost",
  "time": Any<Date>,
}
`;

exports[`测试 generateConfig 2`] = `
Object {
  "domain": "localhost",
  "port": "8080",
  "server": "http://localhost",
  "time": Any<Date>,
}
`;
